// Jest Snapshot v1, https://goo.gl/fbAQLP

exports[`MovieInfo should match snapshot 1`] = `undefined`;
